Hello from Windows
